============================= test session starts =============================
platform win32 -- Python 3.14.0, pytest-8.2.1, pluggy-1.6.0 -- F:\IDE Projects\Cursor Attach Bopt\codm-bot-modular\.agent_venv\Scripts\python.exe
cachedir: .pytest_cache
rootdir: F:\IDE Projects\Cursor Attach Bopt\codm-bot-modular
configfile: pytest.ini
plugins: anyio-4.12.0, asyncio-0.23.5
asyncio: mode=Mode.AUTO
collecting ... collected 3 items

tests/unit/test_admin_flow.py::TestCategoryHandlerFlow::test_show_mode_selection_entry FAILED [ 33%]
tests/unit/test_admin_flow.py::TestCategoryHandlerFlow::test_mode_selected_mp FAILED [ 66%]
tests/unit/test_admin_flow.py::TestCategoryHandlerFlow::test_permission_denied PASSED [100%]

================================== FAILURES ===================================
___________ TestCategoryHandlerFlow.test_show_mode_selection_entry ____________

self = <test_admin_flow.TestCategoryHandlerFlow object at 0x0000028EDBF39950>
handler = <handlers.admin.modules.content.category_handler.CategoryHandler object at 0x0000028EDBEDA270>
mock_update = <MagicMock id='2812598398528'>
mock_context = <MagicMock id='2812598401216'>

    async def test_show_mode_selection_entry(self, handler, mock_update, mock_context):
        """Test entry to category management (Mode selection)"""
        # Arrange
        mock_update.callback_query.data = "manage_categories"
    
        # Mock external dependencies
        with patch('handlers.admin.modules.content.category_handler.get_user_lang', return_value='en'), \
             patch('handlers.admin.modules.content.category_handler.t', side_effect=lambda k, l, **kw: k), \
>            patch('handlers.admin.modules.content.category_handler.safe_edit_message_text', new_callable=AsyncMock) as mock_edit:

tests\unit\test_admin_flow.py:51: 
_ _ _ _ _ _ _ _ _ _ _ _ _ _ _ _ _ _ _ _ _ _ _ _ _ _ _ _ _ _ _ _ _ _ _ _ _ _ _ _
C:\Python314\Lib\unittest\mock.py:1503: in __enter__
    original, local = self.get_original()
_ _ _ _ _ _ _ _ _ _ _ _ _ _ _ _ _ _ _ _ _ _ _ _ _ _ _ _ _ _ _ _ _ _ _ _ _ _ _ _

self = <unittest.mock._patch object at 0x0000028EDBF3A850>

    def get_original(self):
        target = self.getter()
        name = self.attribute
    
        original = DEFAULT
        local = False
    
        try:
            original = target.__dict__[name]
        except (AttributeError, KeyError):
            original = getattr(target, name, DEFAULT)
        else:
            local = True
    
        if name in _builtins and isinstance(target, ModuleType):
            self.create = True
    
        if not self.create and original is DEFAULT:
>           raise AttributeError(
                "%s does not have the attribute %r" % (target, name)
            )
E           AttributeError: <module 'handlers.admin.modules.content.category_handler' from 'F:\\IDE Projects\\Cursor Attach Bopt\\codm-bot-modular\\handlers\\admin\\modules\\content\\category_handler.py'> does not have the attribute 'safe_edit_message_text'

C:\Python314\Lib\unittest\mock.py:1473: AttributeError
---------------------------- Captured stdout setup ----------------------------
06:07:16 | \x1b[32mINFO\x1b[0m | core.security.role_manager | \u2705 RoleManager initialized (first time only)
----------------------------- Captured log setup ------------------------------
INFO     core.security.role_manager:role_manager.py:227 \u2705 RoleManager initialized (first time only)\nDEBUG    asyncio:proactor_events.py:631 Using proactor: IocpProactor
---------------------------- Captured log teardown ----------------------------
DEBUG    asyncio:proactor_events.py:631 Using proactor: IocpProactor
________________ TestCategoryHandlerFlow.test_mode_selected_mp ________________

self = <test_admin_flow.TestCategoryHandlerFlow object at 0x0000028EDBF39D10>
handler = <handlers.admin.modules.content.category_handler.CategoryHandler object at 0x0000028EDBF3A210>
mock_update = <MagicMock id='2812599536000'>
mock_context = <MagicMock id='2812599538688'>

    async def test_mode_selected_mp(self, handler, mock_update, mock_context):
        """Test selecting MP mode transitions to category list"""
        # Arrange
        mock_update.callback_query.data = "cmm_mp"
    
        # Mock config to return some categories
        with patch('handlers.admin.modules.content.category_handler.get_user_lang', return_value='en'), \
             patch('handlers.admin.modules.content.category_handler.t', side_effect=lambda k, l, **kw: k), \
>            patch('handlers.admin.modules.content.category_handler.safe_edit_message_text', new_callable=AsyncMock) as mock_edit, \
             patch('config.config.WEAPON_CATEGORIES', {'assault': 'Assault Rifle', 'smg': 'SMG'}), \
             patch('handlers.admin.modules.content.category_handler.is_category_enabled', return_value=True):

tests\unit\test_admin_flow.py:79: 
_ _ _ _ _ _ _ _ _ _ _ _ _ _ _ _ _ _ _ _ _ _ _ _ _ _ _ _ _ _ _ _ _ _ _ _ _ _ _ _
C:\Python314\Lib\unittest\mock.py:1503: in __enter__
    original, local = self.get_original()
_ _ _ _ _ _ _ _ _ _ _ _ _ _ _ _ _ _ _ _ _ _ _ _ _ _ _ _ _ _ _ _ _ _ _ _ _ _ _ _

self = <unittest.mock._patch object at 0x0000028EDBF5AF90>

    def get_original(self):
        target = self.getter()
        name = self.attribute
    
        original = DEFAULT
        local = False
    
        try:
            original = target.__dict__[name]
        except (AttributeError, KeyError):
            original = getattr(target, name, DEFAULT)
        else:
            local = True
    
        if name in _builtins and isinstance(target, ModuleType):
            self.create = True
    
        if not self.create and original is DEFAULT:
>           raise AttributeError(
                "%s does not have the attribute %r" % (target, name)
            )
E           AttributeError: <module 'handlers.admin.modules.content.category_handler' from 'F:\\IDE Projects\\Cursor Attach Bopt\\codm-bot-modular\\handlers\\admin\\modules\\content\\category_handler.py'> does not have the attribute 'safe_edit_message_text'

C:\Python314\Lib\unittest\mock.py:1473: AttributeError
----------------------------- Captured log setup ------------------------------
DEBUG    asyncio:proactor_events.py:631 Using proactor: IocpProactor
---------------------------- Captured log teardown ----------------------------
DEBUG    asyncio:proactor_events.py:631 Using proactor: IocpProactor
============================== warnings summary ===============================
.agent_venv\Lib\site-packages\pytest_asyncio\plugin.py:168: 111 warnings
  F:\IDE Projects\Cursor Attach Bopt\codm-bot-modular\.agent_venv\Lib\site-packages\pytest_asyncio\plugin.py:168: DeprecationWarning: 'asyncio.iscoroutinefunction' is deprecated and slated for removal in Python 3.16; use inspect.iscoroutinefunction() instead
    return asyncio.iscoroutinefunction(obj) or inspect.isasyncgenfunction(obj)

.agent_venv\Lib\site-packages\pytest_asyncio\plugin.py:433
.agent_venv\Lib\site-packages\pytest_asyncio\plugin.py:433
.agent_venv\Lib\site-packages\pytest_asyncio\plugin.py:433
  F:\IDE Projects\Cursor Attach Bopt\codm-bot-modular\.agent_venv\Lib\site-packages\pytest_asyncio\plugin.py:433: DeprecationWarning: 'asyncio.iscoroutinefunction' is deprecated and slated for removal in Python 3.16; use inspect.iscoroutinefunction() instead
    return asyncio.iscoroutinefunction(func)

tests/unit/test_admin_flow.py::TestCategoryHandlerFlow::test_show_mode_selection_entry
  F:\IDE Projects\Cursor Attach Bopt\codm-bot-modular\.agent_venv\Lib\site-packages\pytest_asyncio\plugin.py:1006: DeprecationWarning: 'asyncio.get_event_loop_policy' is deprecated and slated for removal in Python 3.16
    return asyncio.get_event_loop_policy()

tests/unit/test_admin_flow.py::TestCategoryHandlerFlow::test_show_mode_selection_entry
tests/unit/test_admin_flow.py::TestCategoryHandlerFlow::test_mode_selected_mp
tests/unit/test_admin_flow.py::TestCategoryHandlerFlow::test_permission_denied
  F:\IDE Projects\Cursor Attach Bopt\codm-bot-modular\.agent_venv\Lib\site-packages\pytest_asyncio\plugin.py:759: DeprecationWarning: 'asyncio.get_event_loop_policy' is deprecated and slated for removal in Python 3.16
    _restore_event_loop_policy(asyncio.get_event_loop_policy()),

tests/unit/test_admin_flow.py::TestCategoryHandlerFlow::test_show_mode_selection_entry
tests/unit/test_admin_flow.py::TestCategoryHandlerFlow::test_mode_selected_mp
tests/unit/test_admin_flow.py::TestCategoryHandlerFlow::test_permission_denied
  F:\IDE Projects\Cursor Attach Bopt\codm-bot-modular\.agent_venv\Lib\site-packages\pytest_asyncio\plugin.py:978: DeprecationWarning: 'asyncio.set_event_loop_policy' is deprecated and slated for removal in Python 3.16
    asyncio.set_event_loop_policy(new_loop_policy)

tests/unit/test_admin_flow.py::TestCategoryHandlerFlow::test_show_mode_selection_entry
tests/unit/test_admin_flow.py::TestCategoryHandlerFlow::test_mode_selected_mp
tests/unit/test_admin_flow.py::TestCategoryHandlerFlow::test_permission_denied
  F:\IDE Projects\Cursor Attach Bopt\codm-bot-modular\.agent_venv\Lib\site-packages\pytest_asyncio\plugin.py:979: DeprecationWarning: 'asyncio.get_event_loop_policy' is deprecated and slated for removal in Python 3.16
    loop = asyncio.get_event_loop_policy().new_event_loop()

tests/unit/test_admin_flow.py::TestCategoryHandlerFlow::test_show_mode_selection_entry
tests/unit/test_admin_flow.py::TestCategoryHandlerFlow::test_mode_selected_mp
tests/unit/test_admin_flow.py::TestCategoryHandlerFlow::test_permission_denied
  F:\IDE Projects\Cursor Attach Bopt\codm-bot-modular\.agent_venv\Lib\site-packages\pytest_asyncio\plugin.py:774: DeprecationWarning: 'asyncio.get_event_loop_policy' is deprecated and slated for removal in Python 3.16
    policy = asyncio.get_event_loop_policy()

tests/unit/test_admin_flow.py::TestCategoryHandlerFlow::test_show_mode_selection_entry
tests/unit/test_admin_flow.py::TestCategoryHandlerFlow::test_mode_selected_mp
tests/unit/test_admin_flow.py::TestCategoryHandlerFlow::test_permission_denied
  F:\IDE Projects\Cursor Attach Bopt\codm-bot-modular\.agent_venv\Lib\site-packages\pytest_asyncio\plugin.py:821: DeprecationWarning: 'asyncio.get_event_loop_policy' is deprecated and slated for removal in Python 3.16
    policy = asyncio.get_event_loop_policy()

tests/unit/test_admin_flow.py::TestCategoryHandlerFlow::test_show_mode_selection_entry
tests/unit/test_admin_flow.py::TestCategoryHandlerFlow::test_mode_selected_mp
tests/unit/test_admin_flow.py::TestCategoryHandlerFlow::test_permission_denied
  F:\IDE Projects\Cursor Attach Bopt\codm-bot-modular\.agent_venv\Lib\site-packages\pytest_asyncio\plugin.py:847: DeprecationWarning: 'asyncio.set_event_loop_policy' is deprecated and slated for removal in Python 3.16
    asyncio.set_event_loop_policy(previous_policy)

tests/unit/test_admin_flow.py::TestCategoryHandlerFlow::test_show_mode_selection_entry
tests/unit/test_admin_flow.py::TestCategoryHandlerFlow::test_mode_selected_mp
tests/unit/test_admin_flow.py::TestCategoryHandlerFlow::test_permission_denied
  F:\IDE Projects\Cursor Attach Bopt\codm-bot-modular\.agent_venv\Lib\site-packages\pytest_asyncio\plugin.py:859: DeprecationWarning: 'asyncio.get_event_loop_policy' is deprecated and slated for removal in Python 3.16
    policy = asyncio.get_event_loop_policy()

-- Docs: https://docs.pytest.org/en/stable/how-to/capture-warnings.html
=========================== short test summary info ===========================
FAILED tests/unit/test_admin_flow.py::TestCategoryHandlerFlow::test_show_mode_selection_entry
FAILED tests/unit/test_admin_flow.py::TestCategoryHandlerFlow::test_mode_selected_mp
================== 2 failed, 1 passed, 136 warnings in 0.50s ==================
